System Information for 10.1.0.8
========================================

Command: cat /etc/os-release
NAME="SLES"
VERSION="15-SP5"
VERSION_ID="15.5"
PRETTY_NAME="SUSE Linux Enterprise Server 15 SP5"
ID="sles"
ID_LIKE="suse"
ANSI_COLOR="0;32"
CPE_NAME="cpe:/o:suse:sles:15:sp5"
DOCUMENTATION_URL="https://documentation.suse.com/"
VARIANT_ID="sles-basic"

Command: date
Thu Mar 27 00:17:17 UTC 2025

Command: ip a
1: lo: <LOOPBACK,UP,LOWER_UP> mtu 65536 qdisc noqueue state UNKNOWN group default qlen 1000
    link/loopback 00:00:00:00:00:00 brd 00:00:00:00:00:00
    inet 127.0.0.1/8 scope host lo
       valid_lft forever preferred_lft forever
    inet6 ::1/128 scope host 
       valid_lft forever preferred_lft forever
2: eth0: <BROADCAST,MULTICAST,UP,LOWER_UP> mtu 1500 qdisc mq state UP group default qlen 1000
    link/ether 00:22:48:1e:60:3c brd ff:ff:ff:ff:ff:ff
    inet 10.1.0.8/24 brd 10.1.0.255 scope global eth0
       valid_lft forever preferred_lft forever
    inet6 fe80::222:48ff:fe1e:603c/64 scope link 
       valid_lft forever preferred_lft forever
3: eth1: <BROADCAST,MULTICAST,SLAVE,UP,LOWER_UP> mtu 1500 qdisc mq master eth0 state UP group default qlen 1000
    link/ether 00:22:48:1e:60:3c brd ff:ff:ff:ff:ff:ff
    altname enP14158p0s2
    altname enP14158s1

Command: free -h
               total        used        free      shared  buff/cache   available
Mem:           3.8Gi       419Mi       3.5Gi        19Mi       141Mi       3.4Gi
Swap:             0B          0B          0B

Command: df -h
Filesystem      Size  Used Avail Use% Mounted on
devtmpfs        4.0M     0  4.0M   0% /dev
tmpfs           2.0G  4.0K  2.0G   1% /dev/shm
tmpfs           783M   17M  766M   3% /run
/dev/sda4        29G  3.6G   25G  13% /
/dev/sda3      1014M  114M  901M  12% /boot
/dev/sda2       512M  3.0M  509M   1% /boot/efi
tmpfs           392M     0  392M   0% /run/user/1000

Command: uptime
 00:17:18  up   0:06,  0 users,  load average: 0.08, 0.03, 0.01
